SLURM_JOB_ID: 66711291
SLURM_JOB_USER: vsc38504
SLURM_JOB_ACCOUNT: lp_dtaikg
SLURM_JOB_NAME: pipeline_rag
SLURM_CLUSTER_NAME: wice
SLURM_JOB_PARTITION: gpu_h100
SLURM_NNODES: 1
SLURM_NODELIST: s16g12
SLURM_JOB_CPUS_PER_NODE: 4
SLURM_JOB_GPUS: 3
Date: Mon May 18 00:12:55 CEST 2026
Walltime: 01-12:00:00
========================================================================
HF_TOKEN preview: hf_W...lYfo
Host: s16g12
Start: Mon May 18 00:13:12 CEST 2026
JobID: 66711291
MODEL: Qwen35_9BQwen34BRAG
CUDA_VISIBLE_DEVICES: 0
=== GPU check ===
Mon May 18 00:13:12 2026       
+-----------------------------------------------------------------------------------------+
| NVIDIA-SMI 595.58.03              Driver Version: 595.58.03      CUDA Version: 13.2     |
+-----------------------------------------+------------------------+----------------------+
| GPU  Name                 Persistence-M | Bus-Id          Disp.A | Volatile Uncorr. ECC |
| Fan  Temp   Perf          Pwr:Usage/Cap |           Memory-Usage | GPU-Util  Compute M. |
|                                         |                        |               MIG M. |
|=========================================+========================+======================|
|   0  NVIDIA H100 80GB HBM3          On  |   00000000:C6:00.0 Off |                    0 |
| N/A   28C    P0             70W /  700W |       0MiB /  81559MiB |      0%      Default |
|                                         |                        |             Disabled |
+-----------------------------------------+------------------------+----------------------+

+-----------------------------------------------------------------------------------------+
| Processes:                                                                              |
|  GPU   GI   CI              PID   Type   Process name                        GPU Memory |
|        ID   ID                                                               Usage      |
|=========================================================================================|
|  No running processes found                                                             |
+-----------------------------------------------------------------------------------------+
=== Python/env check ===
Python: /data/leuven/385/vsc38504/miniconda3/envs/llms4om/bin/python
CONDA_DEFAULT_ENV: llms4om
HF_TOKEN set: True
HF_HOME: /scratch/leuven/385/vsc38504/.cache/huggingface
working on Qwen35_9BQwen34BRAG-RAG-Qwen35_9BQwen34BRAG
	Working on bio-ml track
	Working on bio-ml/ncit-doid.disease task
		Prompting ID is: label
		Encoded input pairs: 5
		Working on generating response!
		Create path to store data!
		Storing results in /vsc-hard-mounts/leuven-data/385/vsc38504/thesis/llms4om/LLMs4OM/experiments/outputs/bio-ml/ncit-doid.disease/rag-Qwen35_9BQwen34BRAG-label-2026.05.18-01:17:20.json.
		--------------------------------------------------
		Prompting ID is: label-children
		Encoded input pairs: 5
		Working on generating response!
		Create path to store data!
		Storing results in /vsc-hard-mounts/leuven-data/385/vsc38504/thesis/llms4om/LLMs4OM/experiments/outputs/bio-ml/ncit-doid.disease/rag-Qwen35_9BQwen34BRAG-label-children-2026.05.18-02:20:44.json.
		--------------------------------------------------
		Prompting ID is: label-parent
		Encoded input pairs: 5
		Working on generating response!
		Create path to store data!
		Storing results in /vsc-hard-mounts/leuven-data/385/vsc38504/thesis/llms4om/LLMs4OM/experiments/outputs/bio-ml/ncit-doid.disease/rag-Qwen35_9BQwen34BRAG-label-parent-2026.05.18-03:23:59.json.
		--------------------------------------------------
	++++++++++++++++++++++++++++++++++++++++++++++++++
	Working on bio-ml/omim-ordo.disease task
		Prompting ID is: label
		Encoded input pairs: 5
		Working on generating response!
		Create path to store data!
		Storing results in /vsc-hard-mounts/leuven-data/385/vsc38504/thesis/llms4om/LLMs4OM/experiments/outputs/bio-ml/omim-ordo.disease/rag-Qwen35_9BQwen34BRAG-label-2026.05.18-04:03:10.json.
		--------------------------------------------------
		Prompting ID is: label-children
		Encoded input pairs: 5
		Working on generating response!
		Create path to store data!
		Storing results in /vsc-hard-mounts/leuven-data/385/vsc38504/thesis/llms4om/LLMs4OM/experiments/outputs/bio-ml/omim-ordo.disease/rag-Qwen35_9BQwen34BRAG-label-children-2026.05.18-04:42:25.json.
		--------------------------------------------------
		Prompting ID is: label-parent
		Encoded input pairs: 5
		Working on generating response!
		Create path to store data!
		Storing results in /vsc-hard-mounts/leuven-data/385/vsc38504/thesis/llms4om/LLMs4OM/experiments/outputs/bio-ml/omim-ordo.disease/rag-Qwen35_9BQwen34BRAG-label-parent-2026.05.18-05:21:39.json.
		--------------------------------------------------
	++++++++++++++++++++++++++++++++++++++++++++++++++
	Working on bio-ml/snomed-fma.body task
		Prompting ID is: label
		Encoded input pairs: 5
		Working on generating response!
		Create path to store data!
		Storing results in /vsc-hard-mounts/leuven-data/385/vsc38504/thesis/llms4om/LLMs4OM/experiments/outputs/bio-ml/snomed-fma.body/rag-Qwen35_9BQwen34BRAG-label-2026.05.18-07:45:55.json.
		--------------------------------------------------
		Prompting ID is: label-children
		Encoded input pairs: 5
		Working on generating response!
		Create path to store data!
		Storing results in /vsc-hard-mounts/leuven-data/385/vsc38504/thesis/llms4om/LLMs4OM/experiments/outputs/bio-ml/snomed-fma.body/rag-Qwen35_9BQwen34BRAG-label-children-2026.05.18-10:11:10.json.
		--------------------------------------------------
		Prompting ID is: label-parent
		Encoded input pairs: 5
		Working on generating response!
		Create path to store data!
		Storing results in /vsc-hard-mounts/leuven-data/385/vsc38504/thesis/llms4om/LLMs4OM/experiments/outputs/bio-ml/snomed-fma.body/rag-Qwen35_9BQwen34BRAG-label-parent-2026.05.18-12:36:13.json.
		--------------------------------------------------
	++++++++++++++++++++++++++++++++++++++++++++++++++
	Working on bio-ml/snomed-ncit.neoplas task
		Prompting ID is: label
		Encoded input pairs: 5
		Working on generating response!
		Create path to store data!
		Storing results in /vsc-hard-mounts/leuven-data/385/vsc38504/thesis/llms4om/LLMs4OM/experiments/outputs/bio-ml/snomed-ncit.neoplas/rag-Qwen35_9BQwen34BRAG-label-2026.05.18-14:08:38.json.
		--------------------------------------------------
		Prompting ID is: label-children
		Encoded input pairs: 5
		Working on generating response!
		Create path to store data!
		Storing results in /vsc-hard-mounts/leuven-data/385/vsc38504/thesis/llms4om/LLMs4OM/experiments/outputs/bio-ml/snomed-ncit.neoplas/rag-Qwen35_9BQwen34BRAG-label-children-2026.05.18-15:41:04.json.
		--------------------------------------------------
		Prompting ID is: label-parent
		Encoded input pairs: 5
		Working on generating response!
		Create path to store data!
		Storing results in /vsc-hard-mounts/leuven-data/385/vsc38504/thesis/llms4om/LLMs4OM/experiments/outputs/bio-ml/snomed-ncit.neoplas/rag-Qwen35_9BQwen34BRAG-label-parent-2026.05.18-17:13:23.json.
		--------------------------------------------------
	++++++++++++++++++++++++++++++++++++++++++++++++++
	Working on bio-ml/snomed-ncit.pharm task
		Prompting ID is: label
		Encoded input pairs: 5
		Working on generating response!
		Create path to store data!
		Storing results in /vsc-hard-mounts/leuven-data/385/vsc38504/thesis/llms4om/LLMs4OM/experiments/outputs/bio-ml/snomed-ncit.pharm/rag-Qwen35_9BQwen34BRAG-label-2026.05.18-19:11:37.json.
		--------------------------------------------------
		Prompting ID is: label-children
		Encoded input pairs: 5
		Working on generating response!
		Create path to store data!
		Storing results in /vsc-hard-mounts/leuven-data/385/vsc38504/thesis/llms4om/LLMs4OM/experiments/outputs/bio-ml/snomed-ncit.pharm/rag-Qwen35_9BQwen34BRAG-label-children-2026.05.18-21:10:13.json.
		--------------------------------------------------
		Prompting ID is: label-parent
		Encoded input pairs: 5
		Working on generating response!
		Create path to store data!
		Storing results in /vsc-hard-mounts/leuven-data/385/vsc38504/thesis/llms4om/LLMs4OM/experiments/outputs/bio-ml/snomed-ncit.pharm/rag-Qwen35_9BQwen34BRAG-label-parent-2026.05.18-23:08:54.json.
		--------------------------------------------------
	++++++++++++++++++++++++++++++++++++++++++++++++++
Run evaluation on Qwen35_9BQwen34BRAG
	Working on bio-ml track
	Working on bio-ml/ncit-doid.disease task
		Prompting ID is: label
Evaluating output for rag-Qwen35_9BQwen34BRAG-label-2026.05.18-01:17:20.json run!
		Storing results in /vsc-hard-mounts/leuven-data/385/vsc38504/thesis/llms4om/LLMs4OM/experiments/outputs/bio-ml/ncit-doid.disease/rag-Qwen35_9BQwen34BRAG-label-2026.05.18-01:17:20.json.
		--------------------------------------------------
		Prompting ID is: label-children
Evaluating output for rag-Qwen35_9BQwen34BRAG-label-children-2026.05.18-02:20:44.json run!
		Storing results in /vsc-hard-mounts/leuven-data/385/vsc38504/thesis/llms4om/LLMs4OM/experiments/outputs/bio-ml/ncit-doid.disease/rag-Qwen35_9BQwen34BRAG-label-children-2026.05.18-02:20:44.json.
		--------------------------------------------------
		Prompting ID is: label-parent
Evaluating output for rag-Qwen35_9BQwen34BRAG-label-parent-2026.05.18-03:23:59.json run!
		Storing results in /vsc-hard-mounts/leuven-data/385/vsc38504/thesis/llms4om/LLMs4OM/experiments/outputs/bio-ml/ncit-doid.disease/rag-Qwen35_9BQwen34BRAG-label-parent-2026.05.18-03:23:59.json.
		--------------------------------------------------
	++++++++++++++++++++++++++++++++++++++++++++++++++
	Working on bio-ml/omim-ordo.disease task
		Prompting ID is: label
Evaluating output for rag-Qwen35_9BQwen34BRAG-label-2026.05.18-04:03:10.json run!
		Storing results in /vsc-hard-mounts/leuven-data/385/vsc38504/thesis/llms4om/LLMs4OM/experiments/outputs/bio-ml/omim-ordo.disease/rag-Qwen35_9BQwen34BRAG-label-2026.05.18-04:03:10.json.
		--------------------------------------------------
		Prompting ID is: label-children
Evaluating output for rag-Qwen35_9BQwen34BRAG-label-children-2026.05.18-04:42:25.json run!
		Storing results in /vsc-hard-mounts/leuven-data/385/vsc38504/thesis/llms4om/LLMs4OM/experiments/outputs/bio-ml/omim-ordo.disease/rag-Qwen35_9BQwen34BRAG-label-children-2026.05.18-04:42:25.json.
		--------------------------------------------------
		Prompting ID is: label-parent
Evaluating output for rag-Qwen35_9BQwen34BRAG-label-parent-2026.05.18-05:21:39.json run!
		Storing results in /vsc-hard-mounts/leuven-data/385/vsc38504/thesis/llms4om/LLMs4OM/experiments/outputs/bio-ml/omim-ordo.disease/rag-Qwen35_9BQwen34BRAG-label-parent-2026.05.18-05:21:39.json.
		--------------------------------------------------
	++++++++++++++++++++++++++++++++++++++++++++++++++
	Working on bio-ml/snomed-fma.body task
		Prompting ID is: label
Evaluating output for rag-Qwen35_9BQwen34BRAG-label-2026.05.18-07:45:55.json run!
