SLURM_JOB_ID: 66708039
SLURM_JOB_USER: vsc38504
SLURM_JOB_ACCOUNT: lp_dtaikg
SLURM_JOB_NAME: pipeline_listwise
SLURM_CLUSTER_NAME: wice
SLURM_JOB_PARTITION: gpu_h100
SLURM_NNODES: 1
SLURM_NODELIST: s16g21
SLURM_JOB_CPUS_PER_NODE: 4
SLURM_JOB_GPUS: 2
Date: Sun May 17 17:22:52 CEST 2026
Walltime: 00-16:00:00
========================================================================
HF_TOKEN preview: hf_W...lYfo
Host: s16g21
Start: Sun May 17 17:23:06 CEST 2026
JobID: 66708039
MODEL: LLaMA3ListwiseBertRAG
CUDA_VISIBLE_DEVICES: 0
=== GPU check ===
Sun May 17 17:23:06 2026       
+-----------------------------------------------------------------------------------------+
| NVIDIA-SMI 595.58.03              Driver Version: 595.58.03      CUDA Version: 13.2     |
+-----------------------------------------+------------------------+----------------------+
| GPU  Name                 Persistence-M | Bus-Id          Disp.A | Volatile Uncorr. ECC |
| Fan  Temp   Perf          Pwr:Usage/Cap |           Memory-Usage | GPU-Util  Compute M. |
|                                         |                        |               MIG M. |
|=========================================+========================+======================|
|   0  NVIDIA H100 80GB HBM3          On  |   00000000:A6:00.0 Off |                    0 |
| N/A   34C    P0             68W /  700W |       0MiB /  81559MiB |      0%      Default |
|                                         |                        |             Disabled |
+-----------------------------------------+------------------------+----------------------+

+-----------------------------------------------------------------------------------------+
| Processes:                                                                              |
|  GPU   GI   CI              PID   Type   Process name                        GPU Memory |
|        ID   ID                                                               Usage      |
|=========================================================================================|
|  No running processes found                                                             |
+-----------------------------------------------------------------------------------------+
=== Python/env check ===
Python: /data/leuven/385/vsc38504/miniconda3/envs/llms4om/bin/python
CONDA_DEFAULT_ENV: llms4om
HF_TOKEN set: True
HF_HOME: /scratch/leuven/385/vsc38504/.cache/huggingface
working on LLaMA3ListwiseBertRAG-ListwiseRAG-LLaMA3ListwiseBertRAG
	Working on bio-ml track
	Working on bio-ml/ncit-doid.disease task
		Prompting ID is: label
		Encoded input pairs: 5
		Working on generating response!
		Create path to store data!
		Storing results in /vsc-hard-mounts/leuven-data/385/vsc38504/thesis/llms4om/LLMs4OM/experiments/outputs/bio-ml/ncit-doid.disease/listwise-LLaMA3ListwiseBertRAG-label-2026.05.17-18:16:27.json.
		--------------------------------------------------
		Prompting ID is: label-parent
		Encoded input pairs: 5
		Working on generating response!
		Create path to store data!
		Storing results in /vsc-hard-mounts/leuven-data/385/vsc38504/thesis/llms4om/LLMs4OM/experiments/outputs/bio-ml/ncit-doid.disease/listwise-LLaMA3ListwiseBertRAG-label-parent-2026.05.17-19:08:34.json.
		--------------------------------------------------
		Prompting ID is: label-children
		Encoded input pairs: 5
		Working on generating response!
		Create path to store data!
		Storing results in /vsc-hard-mounts/leuven-data/385/vsc38504/thesis/llms4om/LLMs4OM/experiments/outputs/bio-ml/ncit-doid.disease/listwise-LLaMA3ListwiseBertRAG-label-children-2026.05.17-20:00:49.json.
		--------------------------------------------------
	++++++++++++++++++++++++++++++++++++++++++++++++++
Run evaluation on LLaMA3ListwiseBertRAG
	Working on bio-ml track
	Working on bio-ml/ncit-doid.disease task
		Prompting ID is: label
Evaluating output for listwise-LLaMA3ListwiseBertRAG-label-2026.05.17-18:16:27.json run!
		Storing results in /vsc-hard-mounts/leuven-data/385/vsc38504/thesis/llms4om/LLMs4OM/experiments/outputs/bio-ml/ncit-doid.disease/listwise-LLaMA3ListwiseBertRAG-label-2026.05.17-18:16:27.json.
		--------------------------------------------------
		Prompting ID is: label-parent
Evaluating output for listwise-LLaMA3ListwiseBertRAG-label-parent-2026.05.17-19:08:34.json run!
		Storing results in /vsc-hard-mounts/leuven-data/385/vsc38504/thesis/llms4om/LLMs4OM/experiments/outputs/bio-ml/ncit-doid.disease/listwise-LLaMA3ListwiseBertRAG-label-parent-2026.05.17-19:08:34.json.
		--------------------------------------------------
		Prompting ID is: label-children
Evaluating output for listwise-LLaMA3ListwiseBertRAG-label-children-2026.05.17-20:00:49.json run!
		Storing results in /vsc-hard-mounts/leuven-data/385/vsc38504/thesis/llms4om/LLMs4OM/experiments/outputs/bio-ml/ncit-doid.disease/listwise-LLaMA3ListwiseBertRAG-label-children-2026.05.17-20:00:49.json.
		--------------------------------------------------
	++++++++++++++++++++++++++++++++++++++++++++++++++
End: Sun May 17 20:00:57 CEST 2026
