SLURM_JOB_ID: 60120368
SLURM_JOB_USER: vsc38504
SLURM_JOB_ACCOUNT: lp_dtaikg
SLURM_JOB_NAME: thresh_sweep_Qwen34_Qwen359B
SLURM_CLUSTER_NAME: wice
SLURM_JOB_PARTITION: bigmem
SLURM_NNODES: 1
SLURM_NODELIST: k28l03
SLURM_JOB_CPUS_PER_NODE: 10
Date: Sat May 30 10:15:43 CEST 2026
Walltime: 00-02:00:00
========================================================================
Host: k28l03
Start: Sat May 30 10:15:51 CEST 2026
JobID: 60120368
[NCIT-DOID / C] rag-Qwen35_9BQwen34BRAG-label-2026.05.18-01:17:20.json
  threshold=0.00
  threshold=0.05
  threshold=0.10
  threshold=0.15
  threshold=0.20
  threshold=0.25
  threshold=0.30
  threshold=0.35
  threshold=0.40
  threshold=0.45
  threshold=0.50
  threshold=0.55
  threshold=0.60
  threshold=0.65
  threshold=0.70
  threshold=0.75
  threshold=0.80
  threshold=0.85
  threshold=0.90
  threshold=0.95
[NCIT-DOID / CC] rag-Qwen35_9BQwen34BRAG-label-children-2026.05.18-02:20:44.json
  threshold=0.00
  threshold=0.05
  threshold=0.10
  threshold=0.15
  threshold=0.20
  threshold=0.25
  threshold=0.30
  threshold=0.35
  threshold=0.40
  threshold=0.45
  threshold=0.50
  threshold=0.55
  threshold=0.60
  threshold=0.65
  threshold=0.70
  threshold=0.75
  threshold=0.80
  threshold=0.85
  threshold=0.90
  threshold=0.95
[NCIT-DOID / CP] rag-Qwen35_9BQwen34BRAG-label-parent-2026.05.18-03:23:59.json
  threshold=0.00
  threshold=0.05
  threshold=0.10
  threshold=0.15
  threshold=0.20
  threshold=0.25
  threshold=0.30
  threshold=0.35
  threshold=0.40
  threshold=0.45
  threshold=0.50
  threshold=0.55
  threshold=0.60
  threshold=0.65
  threshold=0.70
  threshold=0.75
  threshold=0.80
  threshold=0.85
  threshold=0.90
  threshold=0.95
[OMIM-ORDO / C] rag-Qwen35_9BQwen34BRAG-label-2026.05.18-04:03:10.json
  threshold=0.00
  threshold=0.05
  threshold=0.10
  threshold=0.15
  threshold=0.20
  threshold=0.25
  threshold=0.30
  threshold=0.35
  threshold=0.40
  threshold=0.45
  threshold=0.50
  threshold=0.55
  threshold=0.60
  threshold=0.65
  threshold=0.70
  threshold=0.75
  threshold=0.80
  threshold=0.85
  threshold=0.90
  threshold=0.95
[OMIM-ORDO / CC] rag-Qwen35_9BQwen34BRAG-label-children-2026.05.18-04:42:25.json
  threshold=0.00
  threshold=0.05
  threshold=0.10
  threshold=0.15
  threshold=0.20
  threshold=0.25
  threshold=0.30
  threshold=0.35
  threshold=0.40
  threshold=0.45
  threshold=0.50
  threshold=0.55
  threshold=0.60
  threshold=0.65
  threshold=0.70
  threshold=0.75
  threshold=0.80
  threshold=0.85
  threshold=0.90
  threshold=0.95
[OMIM-ORDO / CP] rag-Qwen35_9BQwen34BRAG-label-parent-2026.05.18-05:21:39.json
  threshold=0.00
  threshold=0.05
  threshold=0.10
  threshold=0.15
  threshold=0.20
  threshold=0.25
  threshold=0.30
  threshold=0.35
  threshold=0.40
  threshold=0.45
  threshold=0.50
  threshold=0.55
  threshold=0.60
  threshold=0.65
  threshold=0.70
  threshold=0.75
  threshold=0.80
  threshold=0.85
  threshold=0.90
  threshold=0.95
[SNOMED-FMA / C] rag-Qwen35_9BQwen34BRAG-label-2026.05.18-07:45:55.json
  threshold=0.00
  threshold=0.05
  threshold=0.10
  threshold=0.15
  threshold=0.20
  threshold=0.25
  threshold=0.30
  threshold=0.35
  threshold=0.40
  threshold=0.45
  threshold=0.50
  threshold=0.55
  threshold=0.60
  threshold=0.65
  threshold=0.70
  threshold=0.75
  threshold=0.80
  threshold=0.85
  threshold=0.90
  threshold=0.95
[SNOMED-FMA / CC] rag-Qwen35_9BQwen34BRAG-label-children-2026.05.18-10:11:10.json
  threshold=0.00
  threshold=0.05
  threshold=0.10
  threshold=0.15
  threshold=0.20
  threshold=0.25
  threshold=0.30
  threshold=0.35
  threshold=0.40
  threshold=0.45
  threshold=0.50
  threshold=0.55
  threshold=0.60
  threshold=0.65
  threshold=0.70
  threshold=0.75
