SLURM_JOB_ID: 66665200
SLURM_JOB_USER: vsc38504
SLURM_JOB_ACCOUNT: lp_dtaikg
SLURM_JOB_NAME: pipeline_listwise
SLURM_CLUSTER_NAME: wice
SLURM_JOB_PARTITION: gpu_h100
SLURM_NNODES: 1
SLURM_NODELIST: s16g12
SLURM_JOB_CPUS_PER_NODE: 4
SLURM_JOB_GPUS: 0
Date: Mon May 11 01:20:54 CEST 2026
Walltime: 00-16:00:00
========================================================================
HF_TOKEN preview: hf_W...lYfo
Host: s16g12
Start: Mon May 11 01:21:05 CEST 2026
JobID: 66665200
MODEL: Gemma4ListwiseBertRAG
CUDA_VISIBLE_DEVICES: 0
=== GPU check ===
Mon May 11 01:21:05 2026       
+-----------------------------------------------------------------------------------------+
| NVIDIA-SMI 595.58.03              Driver Version: 595.58.03      CUDA Version: 13.2     |
+-----------------------------------------+------------------------+----------------------+
| GPU  Name                 Persistence-M | Bus-Id          Disp.A | Volatile Uncorr. ECC |
| Fan  Temp   Perf          Pwr:Usage/Cap |           Memory-Usage | GPU-Util  Compute M. |
|                                         |                        |               MIG M. |
|=========================================+========================+======================|
|   0  NVIDIA H100 80GB HBM3          On  |   00000000:26:00.0 Off |                    0 |
| N/A   31C    P0             73W /  700W |       0MiB /  81559MiB |      0%      Default |
|                                         |                        |             Disabled |
+-----------------------------------------+------------------------+----------------------+

+-----------------------------------------------------------------------------------------+
| Processes:                                                                              |
|  GPU   GI   CI              PID   Type   Process name                        GPU Memory |
|        ID   ID                                                               Usage      |
|=========================================================================================|
|  No running processes found                                                             |
+-----------------------------------------------------------------------------------------+
=== Python/env check ===
Python: /data/leuven/385/vsc38504/miniconda3/envs/llms4om/bin/python
CONDA_DEFAULT_ENV: llms4om
HF_TOKEN set: True
HF_HOME: /scratch/leuven/385/vsc38504/.cache/huggingface
working on Gemma4ListwiseBertRAG-ListwiseRAG-Gemma4ListwiseBertRAG
	Working on bio-ml track
	Working on bio-ml/ncit-doid.disease task
		Prompting ID is: label
		Encoded input pairs: 5
		Working on generating response!
		Create path to store data!
		Storing results in /vsc-hard-mounts/leuven-data/385/vsc38504/thesis/llms4om/LLMs4OM/experiments/outputs/bio-ml/ncit-doid.disease/listwise-Gemma4ListwiseBertRAG-label-2026.05.11-02:40:08.json.
		--------------------------------------------------
		Prompting ID is: label-parent
		Encoded input pairs: 5
		Working on generating response!
		Create path to store data!
		Storing results in /vsc-hard-mounts/leuven-data/385/vsc38504/thesis/llms4om/LLMs4OM/experiments/outputs/bio-ml/ncit-doid.disease/listwise-Gemma4ListwiseBertRAG-label-parent-2026.05.11-03:59:50.json.
		--------------------------------------------------
		Prompting ID is: label-children
		Encoded input pairs: 5
		Working on generating response!
		Create path to store data!
		Storing results in /vsc-hard-mounts/leuven-data/385/vsc38504/thesis/llms4om/LLMs4OM/experiments/outputs/bio-ml/ncit-doid.disease/listwise-Gemma4ListwiseBertRAG-label-children-2026.05.11-05:15:43.json.
		--------------------------------------------------
	++++++++++++++++++++++++++++++++++++++++++++++++++
	Working on bio-ml/omim-ordo.disease task
		Prompting ID is: label
		Encoded input pairs: 5
		Working on generating response!
		Create path to store data!
		Storing results in /vsc-hard-mounts/leuven-data/385/vsc38504/thesis/llms4om/LLMs4OM/experiments/outputs/bio-ml/omim-ordo.disease/listwise-Gemma4ListwiseBertRAG-label-2026.05.11-06:01:21.json.
		--------------------------------------------------
		Prompting ID is: label-parent
		Encoded input pairs: 5
		Working on generating response!
		Create path to store data!
		Storing results in /vsc-hard-mounts/leuven-data/385/vsc38504/thesis/llms4om/LLMs4OM/experiments/outputs/bio-ml/omim-ordo.disease/listwise-Gemma4ListwiseBertRAG-label-parent-2026.05.11-06:47:01.json.
		--------------------------------------------------
		Prompting ID is: label-children
		Encoded input pairs: 5
		Working on generating response!
		Create path to store data!
		Storing results in /vsc-hard-mounts/leuven-data/385/vsc38504/thesis/llms4om/LLMs4OM/experiments/outputs/bio-ml/omim-ordo.disease/listwise-Gemma4ListwiseBertRAG-label-children-2026.05.11-07:34:12.json.
		--------------------------------------------------
	++++++++++++++++++++++++++++++++++++++++++++++++++
Run evaluation on Gemma4ListwiseBertRAG
	Working on bio-ml track
	Working on bio-ml/ncit-doid.disease task
		Prompting ID is: label
Evaluating output for listwise-Gemma4ListwiseBertRAG-label-2026.05.11-02:40:08.json run!
		Storing results in /vsc-hard-mounts/leuven-data/385/vsc38504/thesis/llms4om/LLMs4OM/experiments/outputs/bio-ml/ncit-doid.disease/listwise-Gemma4ListwiseBertRAG-label-2026.05.11-02:40:08.json.
		--------------------------------------------------
		Prompting ID is: label-parent
Evaluating output for listwise-Gemma4ListwiseBertRAG-label-parent-2026.05.11-03:59:50.json run!
		Storing results in /vsc-hard-mounts/leuven-data/385/vsc38504/thesis/llms4om/LLMs4OM/experiments/outputs/bio-ml/ncit-doid.disease/listwise-Gemma4ListwiseBertRAG-label-parent-2026.05.11-03:59:50.json.
		--------------------------------------------------
		Prompting ID is: label-children
Evaluating output for listwise-Gemma4ListwiseBertRAG-label-children-2026.05.11-05:15:43.json run!
		Storing results in /vsc-hard-mounts/leuven-data/385/vsc38504/thesis/llms4om/LLMs4OM/experiments/outputs/bio-ml/ncit-doid.disease/listwise-Gemma4ListwiseBertRAG-label-children-2026.05.11-05:15:43.json.
		--------------------------------------------------
	++++++++++++++++++++++++++++++++++++++++++++++++++
	Working on bio-ml/omim-ordo.disease task
		Prompting ID is: label
Evaluating output for listwise-Gemma4ListwiseBertRAG-label-2026.05.11-06:01:21.json run!
		Storing results in /vsc-hard-mounts/leuven-data/385/vsc38504/thesis/llms4om/LLMs4OM/experiments/outputs/bio-ml/omim-ordo.disease/listwise-Gemma4ListwiseBertRAG-label-2026.05.11-06:01:21.json.
		--------------------------------------------------
		Prompting ID is: label-parent
Evaluating output for listwise-Gemma4ListwiseBertRAG-label-parent-2026.05.11-06:47:01.json run!
		Storing results in /vsc-hard-mounts/leuven-data/385/vsc38504/thesis/llms4om/LLMs4OM/experiments/outputs/bio-ml/omim-ordo.disease/listwise-Gemma4ListwiseBertRAG-label-parent-2026.05.11-06:47:01.json.
		--------------------------------------------------
		Prompting ID is: label-children
Evaluating output for listwise-Gemma4ListwiseBertRAG-label-children-2026.05.11-07:34:12.json run!
		Storing results in /vsc-hard-mounts/leuven-data/385/vsc38504/thesis/llms4om/LLMs4OM/experiments/outputs/bio-ml/omim-ordo.disease/listwise-Gemma4ListwiseBertRAG-label-children-2026.05.11-07:34:12.json.
		--------------------------------------------------
	++++++++++++++++++++++++++++++++++++++++++++++++++
End: Mon May 11 07:34:46 CEST 2026
