SLURM_JOB_ID: 66440014
SLURM_JOB_USER: vsc38504
SLURM_JOB_ACCOUNT: lp_dtaikg
SLURM_JOB_NAME: pipeline_retrieval_qwen3_0_6b
SLURM_CLUSTER_NAME: wice
SLURM_JOB_PARTITION: gpu_h100
SLURM_NNODES: 1
SLURM_NODELIST: s16g12
SLURM_JOB_CPUS_PER_NODE: 6
SLURM_JOB_GPUS: 0
Date: Wed Apr 15 15:40:35 CEST 2026
Walltime: 00-05:00:00
========================================================================
HF_TOKEN preview: hf_W...lYfo
Host: s16g12
Start: Wed Apr 15 15:41:00 CEST 2026
JobID: 66440014
MODEL: Qwen3EmbeddingRetrieval
=== Python/env check ===
Python: /data/leuven/385/vsc38504/miniconda3/envs/llms4om/bin/python
CONDA_DEFAULT_ENV: llms4om
HF_TOKEN set: True
HF_HOME: /scratch/leuven/385/vsc38504/.cache/huggingface
working on Qwen3EmbeddingRetrieval-RetrievalQwen3EmbeddingRetrieval
	Working on bio-ml track
Run evaluation on Qwen3EmbeddingRetrieval
	Working on bio-ml track
End: Wed Apr 15 15:41:19 CEST 2026
