SLURM_JOB_ID: 66439969
SLURM_JOB_USER: vsc38504
SLURM_JOB_ACCOUNT: lp_dtaikg
SLURM_JOB_NAME: pipeline_retrieval_gemma300m
SLURM_CLUSTER_NAME: wice
SLURM_JOB_PARTITION: gpu_h100
SLURM_NNODES: 1
SLURM_NODELIST: s16g12
SLURM_JOB_CPUS_PER_NODE: 6
SLURM_JOB_GPUS: 2
Date: Wed Apr 15 15:40:25 CEST 2026
Walltime: 00-05:00:00
========================================================================
HF_TOKEN preview: hf_W...lYfo
Host: s16g12
Start: Wed Apr 15 15:40:50 CEST 2026
JobID: 66439969
MODEL: EmbeddingGemma300MRetrieval
=== Python/env check ===
Python: /data/leuven/385/vsc38504/miniconda3/envs/llms4om/bin/python
CONDA_DEFAULT_ENV: llms4om
HF_TOKEN set: True
HF_HOME: /scratch/leuven/385/vsc38504/.cache/huggingface
working on EmbeddingGemma300MRetrieval-RetrievalEmbeddingGemma300MRetrieval
	Working on bio-ml track
Run evaluation on EmbeddingGemma300MRetrieval
	Working on bio-ml track
End: Wed Apr 15 15:41:18 CEST 2026
