SLURM_JOB_ID: 66452482
SLURM_JOB_USER: vsc38504
SLURM_JOB_ACCOUNT: lp_dtaikg
SLURM_JOB_NAME: pipeline_retrieval_LlamaNemotron
SLURM_CLUSTER_NAME: wice
SLURM_JOB_PARTITION: gpu_h100
SLURM_NNODES: 1
SLURM_NODELIST: s16g18
SLURM_JOB_CPUS_PER_NODE: 6
SLURM_JOB_GPUS: 2
Date: Thu Apr 16 18:41:44 CEST 2026
Walltime: 00-05:00:00
========================================================================
HF_TOKEN preview: hf_W...lYfo
Host: s16g18
Start: Thu Apr 16 18:42:02 CEST 2026
JobID: 66452482
MODEL: LlamaNemotronEmbeddingRetrieval
=== Python/env check ===
Python: /data/leuven/385/vsc38504/miniconda3/envs/llms4om/bin/python
CONDA_DEFAULT_ENV: llms4om
HF_TOKEN set: True
HF_HOME: /scratch/leuven/385/vsc38504/.cache/huggingface
Run evaluation on LlamaNemotronEmbeddingRetrieval
	Working on bio-ml track
	Working on bio-ml/ncit-doid.disease task
		Prompting ID is: label
Evaluating output for retrieval-LlamaNemotronEmbeddingRetrieval-label-2026.04.16-16:51:17.json run!
		Storing results in /vsc-hard-mounts/leuven-data/385/vsc38504/thesis/llms4om/LLMs4OM/experiments/outputs/bio-ml/ncit-doid.disease/retrieval-LlamaNemotronEmbeddingRetrieval-label-2026.04.16-16:51:17.json.
		--------------------------------------------------
		Prompting ID is: label-children
Evaluating output for retrieval-LlamaNemotronEmbeddingRetrieval-label-children-2026.04.16-16:51:51.json run!
		Storing results in /vsc-hard-mounts/leuven-data/385/vsc38504/thesis/llms4om/LLMs4OM/experiments/outputs/bio-ml/ncit-doid.disease/retrieval-LlamaNemotronEmbeddingRetrieval-label-children-2026.04.16-16:51:51.json.
		--------------------------------------------------
		Prompting ID is: label-parent
Evaluating output for retrieval-LlamaNemotronEmbeddingRetrieval-label-parent-2026.04.16-16:52:18.json run!
		Storing results in /vsc-hard-mounts/leuven-data/385/vsc38504/thesis/llms4om/LLMs4OM/experiments/outputs/bio-ml/ncit-doid.disease/retrieval-LlamaNemotronEmbeddingRetrieval-label-parent-2026.04.16-16:52:18.json.
		--------------------------------------------------
	++++++++++++++++++++++++++++++++++++++++++++++++++
	Working on bio-ml/omim-ordo.disease task
		Prompting ID is: label
Evaluating output for retrieval-LlamaNemotronEmbeddingRetrieval-label-2026.04.16-16:52:40.json run!
		Storing results in /vsc-hard-mounts/leuven-data/385/vsc38504/thesis/llms4om/LLMs4OM/experiments/outputs/bio-ml/omim-ordo.disease/retrieval-LlamaNemotronEmbeddingRetrieval-label-2026.04.16-16:52:40.json.
		--------------------------------------------------
		Prompting ID is: label-children
Evaluating output for retrieval-LlamaNemotronEmbeddingRetrieval-label-children-2026.04.16-16:52:41.json run!
		Skipping evaluation — output contains error or is empty: ['CUDA out of memory. Tried to allocate 44.80 GiB. GPU 0 has a total capacity of 79.18 GiB of which 11.98 GiB is free. I
		--------------------------------------------------
		Prompting ID is: label-parent
Evaluating output for retrieval-LlamaNemotronEmbeddingRetrieval-label-parent-2026.04.16-16:53:04.json run!
		Storing results in /vsc-hard-mounts/leuven-data/385/vsc38504/thesis/llms4om/LLMs4OM/experiments/outputs/bio-ml/omim-ordo.disease/retrieval-LlamaNemotronEmbeddingRetrieval-label-parent-2026.04.16-16:53:04.json.
		--------------------------------------------------
	++++++++++++++++++++++++++++++++++++++++++++++++++
	Working on bio-ml/snomed-fma.body task
		Prompting ID is: label
Evaluating output for retrieval-LlamaNemotronEmbeddingRetrieval-label-2026.04.16-16:55:53.json run!
		Storing results in /vsc-hard-mounts/leuven-data/385/vsc38504/thesis/llms4om/LLMs4OM/experiments/outputs/bio-ml/snomed-fma.body/retrieval-LlamaNemotronEmbeddingRetrieval-label-2026.04.16-16:55:53.json.
		--------------------------------------------------
		Prompting ID is: label-children
Evaluating output for retrieval-LlamaNemotronEmbeddingRetrieval-label-children-2026.04.16-16:59:14.json run!
		Storing results in /vsc-hard-mounts/leuven-data/385/vsc38504/thesis/llms4om/LLMs4OM/experiments/outputs/bio-ml/snomed-fma.body/retrieval-LlamaNemotronEmbeddingRetrieval-label-children-2026.04.16-16:59:14.json.
		--------------------------------------------------
		Prompting ID is: label-parent
Evaluating output for retrieval-LlamaNemotronEmbeddingRetrieval-label-parent-2026.04.16-17:02:23.json run!
		Storing results in /vsc-hard-mounts/leuven-data/385/vsc38504/thesis/llms4om/LLMs4OM/experiments/outputs/bio-ml/snomed-fma.body/retrieval-LlamaNemotronEmbeddingRetrieval-label-parent-2026.04.16-17:02:23.json.
		--------------------------------------------------
	++++++++++++++++++++++++++++++++++++++++++++++++++
	Working on bio-ml/snomed-ncit.neoplas task
		Prompting ID is: label
Evaluating output for retrieval-LlamaNemotronEmbeddingRetrieval-label-2026.04.16-17:03:14.json run!
		Storing results in /vsc-hard-mounts/leuven-data/385/vsc38504/thesis/llms4om/LLMs4OM/experiments/outputs/bio-ml/snomed-ncit.neoplas/retrieval-LlamaNemotronEmbeddingRetrieval-label-2026.04.16-17:03:14.json.
		--------------------------------------------------
		Prompting ID is: label-children
Evaluating output for retrieval-LlamaNemotronEmbeddingRetrieval-label-children-2026.04.16-17:04:10.json run!
		Storing results in /vsc-hard-mounts/leuven-data/385/vsc38504/thesis/llms4om/LLMs4OM/experiments/outputs/bio-ml/snomed-ncit.neoplas/retrieval-LlamaNemotronEmbeddingRetrieval-label-children-2026.04.16-17:04:10.json.
		--------------------------------------------------
		Prompting ID is: label-parent
Evaluating output for retrieval-LlamaNemotronEmbeddingRetrieval-label-parent-2026.04.16-17:05:03.json run!
		Storing results in /vsc-hard-mounts/leuven-data/385/vsc38504/thesis/llms4om/LLMs4OM/experiments/outputs/bio-ml/snomed-ncit.neoplas/retrieval-LlamaNemotronEmbeddingRetrieval-label-parent-2026.04.16-17:05:03.json.
		--------------------------------------------------
	++++++++++++++++++++++++++++++++++++++++++++++++++
	Working on bio-ml/snomed-ncit.pharm task
		Prompting ID is: label
Evaluating output for retrieval-LlamaNemotronEmbeddingRetrieval-label-2026.04.16-17:06:08.json run!
		Storing results in /vsc-hard-mounts/leuven-data/385/vsc38504/thesis/llms4om/LLMs4OM/experiments/outputs/bio-ml/snomed-ncit.pharm/retrieval-LlamaNemotronEmbeddingRetrieval-label-2026.04.16-17:06:08.json.
		--------------------------------------------------
		Prompting ID is: label-children
Evaluating output for retrieval-LlamaNemotronEmbeddingRetrieval-label-children-2026.04.16-17:07:22.json run!
		Storing results in /vsc-hard-mounts/leuven-data/385/vsc38504/thesis/llms4om/LLMs4OM/experiments/outputs/bio-ml/snomed-ncit.pharm/retrieval-LlamaNemotronEmbeddingRetrieval-label-children-2026.04.16-17:07:22.json.
		--------------------------------------------------
		Prompting ID is: label-parent
Evaluating output for retrieval-LlamaNemotronEmbeddingRetrieval-label-parent-2026.04.16-17:08:29.json run!
		Storing results in /vsc-hard-mounts/leuven-data/385/vsc38504/thesis/llms4om/LLMs4OM/experiments/outputs/bio-ml/snomed-ncit.pharm/retrieval-LlamaNemotronEmbeddingRetrieval-label-parent-2026.04.16-17:08:29.json.
		--------------------------------------------------
	++++++++++++++++++++++++++++++++++++++++++++++++++
End: Thu Apr 16 18:52:07 CEST 2026
