SLURM_JOB_ID: 66703838
SLURM_JOB_USER: vsc38504
SLURM_JOB_ACCOUNT: lp_dtaikg
SLURM_JOB_NAME: pipeline_retrieval
SLURM_CLUSTER_NAME: wice
SLURM_JOB_PARTITION: batch
SLURM_NNODES: 1
SLURM_NODELIST: p33c22n1
SLURM_JOB_CPUS_PER_NODE: 20
Date: Sat May 16 13:33:06 CEST 2026
Walltime: 00-15:00:00
========================================================================
HF_TOKEN preview: hf_W...lYfo
Host: p33c22n1
Start: Sat May 16 13:33:24 CEST 2026
JobID: 66703838
MODEL: TFIDFRetrieval
=== Python/env check ===
Python: /data/leuven/385/vsc38504/miniconda3/envs/llms4om/bin/python
CONDA_DEFAULT_ENV: llms4om
HF_TOKEN set: True
HF_HOME: /scratch/leuven/385/vsc38504/.cache/huggingface
working on TFIDFRetrieval-Retrieval+TFIDFRetrieval
	Working on bio-ml track
	Working on bio-ml/ncit-doid.disease task
		Prompting ID is: label
		Encoded input pairs: 2
		Working on generating response!
		Create path to store data!
		Storing results in /vsc-hard-mounts/leuven-data/385/vsc38504/thesis/llms4om/LLMs4OM/experiments/outputs/bio-ml/ncit-doid.disease/retrieval-TFIDFRetrieval-label-2026.05.16-13:36:15.json.
		--------------------------------------------------
		Prompting ID is: label-children
		Encoded input pairs: 2
		Working on generating response!
		Create path to store data!
		Storing results in /vsc-hard-mounts/leuven-data/385/vsc38504/thesis/llms4om/LLMs4OM/experiments/outputs/bio-ml/ncit-doid.disease/retrieval-TFIDFRetrieval-label-children-2026.05.16-13:39:00.json.
		--------------------------------------------------
		Prompting ID is: label-parent
		Encoded input pairs: 2
		Working on generating response!
		Create path to store data!
		Storing results in /vsc-hard-mounts/leuven-data/385/vsc38504/thesis/llms4om/LLMs4OM/experiments/outputs/bio-ml/ncit-doid.disease/retrieval-TFIDFRetrieval-label-parent-2026.05.16-13:41:44.json.
		--------------------------------------------------
	++++++++++++++++++++++++++++++++++++++++++++++++++
	Working on bio-ml/omim-ordo.disease task
		Prompting ID is: label
		Encoded input pairs: 2
		Working on generating response!
		Create path to store data!
		Storing results in /vsc-hard-mounts/leuven-data/385/vsc38504/thesis/llms4om/LLMs4OM/experiments/outputs/bio-ml/omim-ordo.disease/retrieval-TFIDFRetrieval-label-2026.05.16-13:43:34.json.
		--------------------------------------------------
		Prompting ID is: label-children
		Encoded input pairs: 2
		Working on generating response!
		Create path to store data!
		Storing results in /vsc-hard-mounts/leuven-data/385/vsc38504/thesis/llms4om/LLMs4OM/experiments/outputs/bio-ml/omim-ordo.disease/retrieval-TFIDFRetrieval-label-children-2026.05.16-13:45:24.json.
		--------------------------------------------------
		Prompting ID is: label-parent
		Encoded input pairs: 2
		Working on generating response!
		Create path to store data!
		Storing results in /vsc-hard-mounts/leuven-data/385/vsc38504/thesis/llms4om/LLMs4OM/experiments/outputs/bio-ml/omim-ordo.disease/retrieval-TFIDFRetrieval-label-parent-2026.05.16-13:47:17.json.
		--------------------------------------------------
	++++++++++++++++++++++++++++++++++++++++++++++++++
	Working on bio-ml/snomed-fma.body task
		Prompting ID is: label
		Encoded input pairs: 2
		Working on generating response!
		Create path to store data!
		Storing results in /vsc-hard-mounts/leuven-data/385/vsc38504/thesis/llms4om/LLMs4OM/experiments/outputs/bio-ml/snomed-fma.body/retrieval-TFIDFRetrieval-label-2026.05.16-14:56:45.json.
		--------------------------------------------------
		Prompting ID is: label-children
		Encoded input pairs: 2
		Working on generating response!
		Create path to store data!
		Storing results in /vsc-hard-mounts/leuven-data/385/vsc38504/thesis/llms4om/LLMs4OM/experiments/outputs/bio-ml/snomed-fma.body/retrieval-TFIDFRetrieval-label-children-2026.05.16-16:10:45.json.
		--------------------------------------------------
		Prompting ID is: label-parent
		Encoded input pairs: 2
		Working on generating response!
		Create path to store data!
		Storing results in /vsc-hard-mounts/leuven-data/385/vsc38504/thesis/llms4om/LLMs4OM/experiments/outputs/bio-ml/snomed-fma.body/retrieval-TFIDFRetrieval-label-parent-2026.05.16-17:26:27.json.
		--------------------------------------------------
	++++++++++++++++++++++++++++++++++++++++++++++++++
	Working on bio-ml/snomed-ncit.neoplas task
		Prompting ID is: label
		Encoded input pairs: 2
		Working on generating response!
		Create path to store data!
		Storing results in /vsc-hard-mounts/leuven-data/385/vsc38504/thesis/llms4om/LLMs4OM/experiments/outputs/bio-ml/snomed-ncit.neoplas/retrieval-TFIDFRetrieval-label-2026.05.16-17:37:04.json.
		--------------------------------------------------
		Prompting ID is: label-children
		Encoded input pairs: 2
		Working on generating response!
		Create path to store data!
		Storing results in /vsc-hard-mounts/leuven-data/385/vsc38504/thesis/llms4om/LLMs4OM/experiments/outputs/bio-ml/snomed-ncit.neoplas/retrieval-TFIDFRetrieval-label-children-2026.05.16-17:48:05.json.
		--------------------------------------------------
		Prompting ID is: label-parent
		Encoded input pairs: 2
		Working on generating response!
		Create path to store data!
		Storing results in /vsc-hard-mounts/leuven-data/385/vsc38504/thesis/llms4om/LLMs4OM/experiments/outputs/bio-ml/snomed-ncit.neoplas/retrieval-TFIDFRetrieval-label-parent-2026.05.16-17:59:12.json.
		--------------------------------------------------
	++++++++++++++++++++++++++++++++++++++++++++++++++
	Working on bio-ml/snomed-ncit.pharm task
		Prompting ID is: label
		Encoded input pairs: 2
		Working on generating response!
		Create path to store data!
		Storing results in /vsc-hard-mounts/leuven-data/385/vsc38504/thesis/llms4om/LLMs4OM/experiments/outputs/bio-ml/snomed-ncit.pharm/retrieval-TFIDFRetrieval-label-2026.05.16-18:15:20.json.
		--------------------------------------------------
		Prompting ID is: label-children
		Encoded input pairs: 2
		Working on generating response!
		Create path to store data!
		Storing results in /vsc-hard-mounts/leuven-data/385/vsc38504/thesis/llms4om/LLMs4OM/experiments/outputs/bio-ml/snomed-ncit.pharm/retrieval-TFIDFRetrieval-label-children-2026.05.16-18:31:39.json.
		--------------------------------------------------
		Prompting ID is: label-parent
		Encoded input pairs: 2
		Working on generating response!
		Create path to store data!
		Storing results in /vsc-hard-mounts/leuven-data/385/vsc38504/thesis/llms4om/LLMs4OM/experiments/outputs/bio-ml/snomed-ncit.pharm/retrieval-TFIDFRetrieval-label-parent-2026.05.16-18:47:28.json.
		--------------------------------------------------
	++++++++++++++++++++++++++++++++++++++++++++++++++
Run evaluation on TFIDFRetrieval
	Working on bio-ml track
	Working on bio-ml/ncit-doid.disease task
		Prompting ID is: label
Evaluating output for retrieval-TFIDFRetrieval-label-2026.03.22-18:46:31.json run!
		Storing results in /vsc-hard-mounts/leuven-data/385/vsc38504/thesis/llms4om/LLMs4OM/experiments/outputs/bio-ml/ncit-doid.disease/retrieval-TFIDFRetrieval-label-2026.03.22-18:46:31.json.
Evaluating output for retrieval-TFIDFRetrieval-label-2026.05.16-13:36:15.json run!
		Storing results in /vsc-hard-mounts/leuven-data/385/vsc38504/thesis/llms4om/LLMs4OM/experiments/outputs/bio-ml/ncit-doid.disease/retrieval-TFIDFRetrieval-label-2026.05.16-13:36:15.json.
		--------------------------------------------------
		Prompting ID is: label-children
Evaluating output for retrieval-TFIDFRetrieval-label-children-2026.03.22-18:48:32.json run!
		Storing results in /vsc-hard-mounts/leuven-data/385/vsc38504/thesis/llms4om/LLMs4OM/experiments/outputs/bio-ml/ncit-doid.disease/retrieval-TFIDFRetrieval-label-children-2026.03.22-18:48:32.json.
Evaluating output for retrieval-TFIDFRetrieval-label-children-2026.05.16-13:39:00.json run!
		Storing results in /vsc-hard-mounts/leuven-data/385/vsc38504/thesis/llms4om/LLMs4OM/experiments/outputs/bio-ml/ncit-doid.disease/retrieval-TFIDFRetrieval-label-children-2026.05.16-13:39:00.json.
		--------------------------------------------------
		Prompting ID is: label-parent
Evaluating output for retrieval-TFIDFRetrieval-label-parent-2026.03.22-18:50:33.json run!
		Storing results in /vsc-hard-mounts/leuven-data/385/vsc38504/thesis/llms4om/LLMs4OM/experiments/outputs/bio-ml/ncit-doid.disease/retrieval-TFIDFRetrieval-label-parent-2026.03.22-18:50:33.json.
Evaluating output for retrieval-TFIDFRetrieval-label-parent-2026.05.16-13:41:44.json run!
		Storing results in /vsc-hard-mounts/leuven-data/385/vsc38504/thesis/llms4om/LLMs4OM/experiments/outputs/bio-ml/ncit-doid.disease/retrieval-TFIDFRetrieval-label-parent-2026.05.16-13:41:44.json.
		--------------------------------------------------
	++++++++++++++++++++++++++++++++++++++++++++++++++
	Working on bio-ml/omim-ordo.disease task
		Prompting ID is: label
Evaluating output for retrieval-TFIDFRetrieval-label-2026.03.22-18:51:54.json run!
		Storing results in /vsc-hard-mounts/leuven-data/385/vsc38504/thesis/llms4om/LLMs4OM/experiments/outputs/bio-ml/omim-ordo.disease/retrieval-TFIDFRetrieval-label-2026.03.22-18:51:54.json.
Evaluating output for retrieval-TFIDFRetrieval-label-2026.05.16-13:43:34.json run!
		Storing results in /vsc-hard-mounts/leuven-data/385/vsc38504/thesis/llms4om/LLMs4OM/experiments/outputs/bio-ml/omim-ordo.disease/retrieval-TFIDFRetrieval-label-2026.05.16-13:43:34.json.
		--------------------------------------------------
		Prompting ID is: label-children
Evaluating output for retrieval-TFIDFRetrieval-label-children-2026.03.22-18:53:14.json run!
		Storing results in /vsc-hard-mounts/leuven-data/385/vsc38504/thesis/llms4om/LLMs4OM/experiments/outputs/bio-ml/omim-ordo.disease/retrieval-TFIDFRetrieval-label-children-2026.03.22-18:53:14.json.
Evaluating output for retrieval-TFIDFRetrieval-label-children-2026.05.16-13:45:24.json run!
		Storing results in /vsc-hard-mounts/leuven-data/385/vsc38504/thesis/llms4om/LLMs4OM/experiments/outputs/bio-ml/omim-ordo.disease/retrieval-TFIDFRetrieval-label-children-2026.05.16-13:45:24.json.
		--------------------------------------------------
		Prompting ID is: label-parent
Evaluating output for retrieval-TFIDFRetrieval-label-parent-2026.03.22-18:54:35.json run!
		Storing results in /vsc-hard-mounts/leuven-data/385/vsc38504/thesis/llms4om/LLMs4OM/experiments/outputs/bio-ml/omim-ordo.disease/retrieval-TFIDFRetrieval-label-parent-2026.03.22-18:54:35.json.
Evaluating output for retrieval-TFIDFRetrieval-label-parent-2026.05.16-13:47:17.json run!
		Storing results in /vsc-hard-mounts/leuven-data/385/vsc38504/thesis/llms4om/LLMs4OM/experiments/outputs/bio-ml/omim-ordo.disease/retrieval-TFIDFRetrieval-label-parent-2026.05.16-13:47:17.json.
		--------------------------------------------------
	++++++++++++++++++++++++++++++++++++++++++++++++++
	Working on bio-ml/snomed-fma.body task
		Prompting ID is: label
Evaluating output for retrieval-TFIDFRetrieval-label-2026.05.16-14:56:45.json run!
		Storing results in /vsc-hard-mounts/leuven-data/385/vsc38504/thesis/llms4om/LLMs4OM/experiments/outputs/bio-ml/snomed-fma.body/retrieval-TFIDFRetrieval-label-2026.05.16-14:56:45.json.
		--------------------------------------------------
		Prompting ID is: label-children
Evaluating output for retrieval-TFIDFRetrieval-label-children-2026.05.16-16:10:45.json run!
		Storing results in /vsc-hard-mounts/leuven-data/385/vsc38504/thesis/llms4om/LLMs4OM/experiments/outputs/bio-ml/snomed-fma.body/retrieval-TFIDFRetrieval-label-children-2026.05.16-16:10:45.json.
		--------------------------------------------------
		Prompting ID is: label-parent
Evaluating output for retrieval-TFIDFRetrieval-label-parent-2026.05.16-17:26:27.json run!
		Storing results in /vsc-hard-mounts/leuven-data/385/vsc38504/thesis/llms4om/LLMs4OM/experiments/outputs/bio-ml/snomed-fma.body/retrieval-TFIDFRetrieval-label-parent-2026.05.16-17:26:27.json.
		--------------------------------------------------
	++++++++++++++++++++++++++++++++++++++++++++++++++
	Working on bio-ml/snomed-ncit.neoplas task
		Prompting ID is: label
Evaluating output for retrieval-TFIDFRetrieval-label-2026.05.16-17:37:04.json run!
		Storing results in /vsc-hard-mounts/leuven-data/385/vsc38504/thesis/llms4om/LLMs4OM/experiments/outputs/bio-ml/snomed-ncit.neoplas/retrieval-TFIDFRetrieval-label-2026.05.16-17:37:04.json.
		--------------------------------------------------
		Prompting ID is: label-children
Evaluating output for retrieval-TFIDFRetrieval-label-children-2026.05.16-17:48:05.json run!
		Storing results in /vsc-hard-mounts/leuven-data/385/vsc38504/thesis/llms4om/LLMs4OM/experiments/outputs/bio-ml/snomed-ncit.neoplas/retrieval-TFIDFRetrieval-label-children-2026.05.16-17:48:05.json.
		--------------------------------------------------
		Prompting ID is: label-parent
Evaluating output for retrieval-TFIDFRetrieval-label-parent-2026.05.16-17:59:12.json run!
		Storing results in /vsc-hard-mounts/leuven-data/385/vsc38504/thesis/llms4om/LLMs4OM/experiments/outputs/bio-ml/snomed-ncit.neoplas/retrieval-TFIDFRetrieval-label-parent-2026.05.16-17:59:12.json.
		--------------------------------------------------
	++++++++++++++++++++++++++++++++++++++++++++++++++
	Working on bio-ml/snomed-ncit.pharm task
		Prompting ID is: label
Evaluating output for retrieval-TFIDFRetrieval-label-2026.05.16-18:15:20.json run!
		Storing results in /vsc-hard-mounts/leuven-data/385/vsc38504/thesis/llms4om/LLMs4OM/experiments/outputs/bio-ml/snomed-ncit.pharm/retrieval-TFIDFRetrieval-label-2026.05.16-18:15:20.json.
		--------------------------------------------------
		Prompting ID is: label-children
Evaluating output for retrieval-TFIDFRetrieval-label-children-2026.05.16-18:31:39.json run!
		Storing results in /vsc-hard-mounts/leuven-data/385/vsc38504/thesis/llms4om/LLMs4OM/experiments/outputs/bio-ml/snomed-ncit.pharm/retrieval-TFIDFRetrieval-label-children-2026.05.16-18:31:39.json.
		--------------------------------------------------
		Prompting ID is: label-parent
Evaluating output for retrieval-TFIDFRetrieval-label-parent-2026.05.16-18:47:28.json run!
		Storing results in /vsc-hard-mounts/leuven-data/385/vsc38504/thesis/llms4om/LLMs4OM/experiments/outputs/bio-ml/snomed-ncit.pharm/retrieval-TFIDFRetrieval-label-parent-2026.05.16-18:47:28.json.
		--------------------------------------------------
	++++++++++++++++++++++++++++++++++++++++++++++++++
End: Sat May 16 19:05:30 CEST 2026
