SLURM_JOB_ID: 66452305
SLURM_JOB_USER: vsc38504
SLURM_JOB_ACCOUNT: lp_dtaikg
SLURM_JOB_NAME: pipeline_retrieval_gemma300m
SLURM_CLUSTER_NAME: wice
SLURM_JOB_PARTITION: gpu_h100
SLURM_NNODES: 1
SLURM_NODELIST: s16g18
SLURM_JOB_CPUS_PER_NODE: 6
SLURM_JOB_GPUS: 2
Date: Thu Apr 16 16:51:34 CEST 2026
Walltime: 00-05:00:00
========================================================================
HF_TOKEN preview: hf_W...lYfo
Host: s16g18
Start: Thu Apr 16 16:51:52 CEST 2026
JobID: 66452305
MODEL: EmbeddingGemma300MRetrieval
=== Python/env check ===
Python: /data/leuven/385/vsc38504/miniconda3/envs/llms4om/bin/python
CONDA_DEFAULT_ENV: llms4om
HF_TOKEN set: True
HF_HOME: /scratch/leuven/385/vsc38504/.cache/huggingface
working on EmbeddingGemma300MRetrieval-RetrievalEmbeddingGemma300MRetrieval
	Working on bio-ml track
	Working on bio-ml/ncit-doid.disease task
		Prompting ID is: label
		Encoded input pairs: 2
		Working on generating response!
		Create path to store data!
		Storing results in /vsc-hard-mounts/leuven-data/385/vsc38504/thesis/llms4om/LLMs4OM/experiments/outputs/bio-ml/ncit-doid.disease/retrieval-EmbeddingGemma300MRetrieval-label-2026.04.16-16:52:52.json.
		--------------------------------------------------
		Prompting ID is: label-children
		Encoded input pairs: 2
		Working on generating response!
		Create path to store data!
		Storing results in /vsc-hard-mounts/leuven-data/385/vsc38504/thesis/llms4om/LLMs4OM/experiments/outputs/bio-ml/ncit-doid.disease/retrieval-EmbeddingGemma300MRetrieval-label-children-2026.04.16-16:53:28.json.
		--------------------------------------------------
		Prompting ID is: label-parent
		Encoded input pairs: 2
		Working on generating response!
		Create path to store data!
		Storing results in /vsc-hard-mounts/leuven-data/385/vsc38504/thesis/llms4om/LLMs4OM/experiments/outputs/bio-ml/ncit-doid.disease/retrieval-EmbeddingGemma300MRetrieval-label-parent-2026.04.16-16:54:04.json.
		--------------------------------------------------
	++++++++++++++++++++++++++++++++++++++++++++++++++
	Working on bio-ml/omim-ordo.disease task
		Prompting ID is: label
		Encoded input pairs: 2
		Working on generating response!
		Create path to store data!
		Storing results in /vsc-hard-mounts/leuven-data/385/vsc38504/thesis/llms4om/LLMs4OM/experiments/outputs/bio-ml/omim-ordo.disease/retrieval-EmbeddingGemma300MRetrieval-label-2026.04.16-16:54:32.json.
		--------------------------------------------------
		Prompting ID is: label-children
		Encoded input pairs: 2
		Working on generating response!
		Create path to store data!
		Storing results in /vsc-hard-mounts/leuven-data/385/vsc38504/thesis/llms4om/LLMs4OM/experiments/outputs/bio-ml/omim-ordo.disease/retrieval-EmbeddingGemma300MRetrieval-label-children-2026.04.16-16:55:01.json.
		--------------------------------------------------
		Prompting ID is: label-parent
		Encoded input pairs: 2
		Working on generating response!
		Create path to store data!
		Storing results in /vsc-hard-mounts/leuven-data/385/vsc38504/thesis/llms4om/LLMs4OM/experiments/outputs/bio-ml/omim-ordo.disease/retrieval-EmbeddingGemma300MRetrieval-label-parent-2026.04.16-16:55:29.json.
		--------------------------------------------------
	++++++++++++++++++++++++++++++++++++++++++++++++++
	Working on bio-ml/snomed-fma.body task
		Prompting ID is: label
		Encoded input pairs: 2
		Working on generating response!
		Create path to store data!
		Storing results in /vsc-hard-mounts/leuven-data/385/vsc38504/thesis/llms4om/LLMs4OM/experiments/outputs/bio-ml/snomed-fma.body/retrieval-EmbeddingGemma300MRetrieval-label-2026.04.16-16:58:41.json.
		--------------------------------------------------
		Prompting ID is: label-children
		Encoded input pairs: 2
		Working on generating response!
		Create path to store data!
		Storing results in /vsc-hard-mounts/leuven-data/385/vsc38504/thesis/llms4om/LLMs4OM/experiments/outputs/bio-ml/snomed-fma.body/retrieval-EmbeddingGemma300MRetrieval-label-children-2026.04.16-17:01:54.json.
		--------------------------------------------------
		Prompting ID is: label-parent
		Encoded input pairs: 2
		Working on generating response!
		Create path to store data!
		Storing results in /vsc-hard-mounts/leuven-data/385/vsc38504/thesis/llms4om/LLMs4OM/experiments/outputs/bio-ml/snomed-fma.body/retrieval-EmbeddingGemma300MRetrieval-label-parent-2026.04.16-17:05:05.json.
		--------------------------------------------------
	++++++++++++++++++++++++++++++++++++++++++++++++++
	Working on bio-ml/snomed-ncit.neoplas task
		Prompting ID is: label
		Encoded input pairs: 2
		Working on generating response!
		Create path to store data!
		Storing results in /vsc-hard-mounts/leuven-data/385/vsc38504/thesis/llms4om/LLMs4OM/experiments/outputs/bio-ml/snomed-ncit.neoplas/retrieval-EmbeddingGemma300MRetrieval-label-2026.04.16-17:06:10.json.
		--------------------------------------------------
		Prompting ID is: label-children
		Encoded input pairs: 2
		Working on generating response!
		Create path to store data!
		Storing results in /vsc-hard-mounts/leuven-data/385/vsc38504/thesis/llms4om/LLMs4OM/experiments/outputs/bio-ml/snomed-ncit.neoplas/retrieval-EmbeddingGemma300MRetrieval-label-children-2026.04.16-17:07:16.json.
		--------------------------------------------------
		Prompting ID is: label-parent
		Encoded input pairs: 2
		Working on generating response!
		Create path to store data!
		Storing results in /vsc-hard-mounts/leuven-data/385/vsc38504/thesis/llms4om/LLMs4OM/experiments/outputs/bio-ml/snomed-ncit.neoplas/retrieval-EmbeddingGemma300MRetrieval-label-parent-2026.04.16-17:08:20.json.
		--------------------------------------------------
	++++++++++++++++++++++++++++++++++++++++++++++++++
	Working on bio-ml/snomed-ncit.pharm task
		Prompting ID is: label
		Encoded input pairs: 2
		Working on generating response!
		Create path to store data!
		Storing results in /vsc-hard-mounts/leuven-data/385/vsc38504/thesis/llms4om/LLMs4OM/experiments/outputs/bio-ml/snomed-ncit.pharm/retrieval-EmbeddingGemma300MRetrieval-label-2026.04.16-17:09:39.json.
		--------------------------------------------------
		Prompting ID is: label-children
		Encoded input pairs: 2
		Working on generating response!
		Create path to store data!
		Storing results in /vsc-hard-mounts/leuven-data/385/vsc38504/thesis/llms4om/LLMs4OM/experiments/outputs/bio-ml/snomed-ncit.pharm/retrieval-EmbeddingGemma300MRetrieval-label-children-2026.04.16-17:10:58.json.
		--------------------------------------------------
		Prompting ID is: label-parent
		Encoded input pairs: 2
		Working on generating response!
		Create path to store data!
		Storing results in /vsc-hard-mounts/leuven-data/385/vsc38504/thesis/llms4om/LLMs4OM/experiments/outputs/bio-ml/snomed-ncit.pharm/retrieval-EmbeddingGemma300MRetrieval-label-parent-2026.04.16-17:12:16.json.
		--------------------------------------------------
	++++++++++++++++++++++++++++++++++++++++++++++++++
Run evaluation on EmbeddingGemma300MRetrieval
	Working on bio-ml track
	Working on bio-ml/ncit-doid.disease task
		Prompting ID is: label
Evaluating output for retrieval-EmbeddingGemma300MRetrieval-label-2026.04.16-16:52:52.json run!
		Storing results in /vsc-hard-mounts/leuven-data/385/vsc38504/thesis/llms4om/LLMs4OM/experiments/outputs/bio-ml/ncit-doid.disease/retrieval-EmbeddingGemma300MRetrieval-label-2026.04.16-16:52:52.json.
		--------------------------------------------------
		Prompting ID is: label-children
Evaluating output for retrieval-EmbeddingGemma300MRetrieval-label-children-2026.04.16-16:53:28.json run!
		Storing results in /vsc-hard-mounts/leuven-data/385/vsc38504/thesis/llms4om/LLMs4OM/experiments/outputs/bio-ml/ncit-doid.disease/retrieval-EmbeddingGemma300MRetrieval-label-children-2026.04.16-16:53:28.json.
		--------------------------------------------------
		Prompting ID is: label-parent
Evaluating output for retrieval-EmbeddingGemma300MRetrieval-label-parent-2026.04.16-16:54:04.json run!
		Storing results in /vsc-hard-mounts/leuven-data/385/vsc38504/thesis/llms4om/LLMs4OM/experiments/outputs/bio-ml/ncit-doid.disease/retrieval-EmbeddingGemma300MRetrieval-label-parent-2026.04.16-16:54:04.json.
		--------------------------------------------------
	++++++++++++++++++++++++++++++++++++++++++++++++++
	Working on bio-ml/omim-ordo.disease task
		Prompting ID is: label
Evaluating output for retrieval-EmbeddingGemma300MRetrieval-label-2026.04.16-16:54:32.json run!
		Storing results in /vsc-hard-mounts/leuven-data/385/vsc38504/thesis/llms4om/LLMs4OM/experiments/outputs/bio-ml/omim-ordo.disease/retrieval-EmbeddingGemma300MRetrieval-label-2026.04.16-16:54:32.json.
		--------------------------------------------------
		Prompting ID is: label-children
Evaluating output for retrieval-EmbeddingGemma300MRetrieval-label-children-2026.04.16-16:55:01.json run!
		Storing results in /vsc-hard-mounts/leuven-data/385/vsc38504/thesis/llms4om/LLMs4OM/experiments/outputs/bio-ml/omim-ordo.disease/retrieval-EmbeddingGemma300MRetrieval-label-children-2026.04.16-16:55:01.json.
		--------------------------------------------------
		Prompting ID is: label-parent
Evaluating output for retrieval-EmbeddingGemma300MRetrieval-label-parent-2026.04.16-16:55:29.json run!
		Storing results in /vsc-hard-mounts/leuven-data/385/vsc38504/thesis/llms4om/LLMs4OM/experiments/outputs/bio-ml/omim-ordo.disease/retrieval-EmbeddingGemma300MRetrieval-label-parent-2026.04.16-16:55:29.json.
		--------------------------------------------------
	++++++++++++++++++++++++++++++++++++++++++++++++++
	Working on bio-ml/snomed-fma.body task
		Prompting ID is: label
Evaluating output for retrieval-EmbeddingGemma300MRetrieval-label-2026.04.16-16:58:41.json run!
		Storing results in /vsc-hard-mounts/leuven-data/385/vsc38504/thesis/llms4om/LLMs4OM/experiments/outputs/bio-ml/snomed-fma.body/retrieval-EmbeddingGemma300MRetrieval-label-2026.04.16-16:58:41.json.
		--------------------------------------------------
		Prompting ID is: label-children
Evaluating output for retrieval-EmbeddingGemma300MRetrieval-label-children-2026.04.16-17:01:54.json run!
		Storing results in /vsc-hard-mounts/leuven-data/385/vsc38504/thesis/llms4om/LLMs4OM/experiments/outputs/bio-ml/snomed-fma.body/retrieval-EmbeddingGemma300MRetrieval-label-children-2026.04.16-17:01:54.json.
		--------------------------------------------------
		Prompting ID is: label-parent
Evaluating output for retrieval-EmbeddingGemma300MRetrieval-label-parent-2026.04.16-17:05:05.json run!
		Storing results in /vsc-hard-mounts/leuven-data/385/vsc38504/thesis/llms4om/LLMs4OM/experiments/outputs/bio-ml/snomed-fma.body/retrieval-EmbeddingGemma300MRetrieval-label-parent-2026.04.16-17:05:05.json.
		--------------------------------------------------
	++++++++++++++++++++++++++++++++++++++++++++++++++
	Working on bio-ml/snomed-ncit.neoplas task
		Prompting ID is: label
Evaluating output for retrieval-EmbeddingGemma300MRetrieval-label-2026.04.16-17:06:10.json run!
		Storing results in /vsc-hard-mounts/leuven-data/385/vsc38504/thesis/llms4om/LLMs4OM/experiments/outputs/bio-ml/snomed-ncit.neoplas/retrieval-EmbeddingGemma300MRetrieval-label-2026.04.16-17:06:10.json.
		--------------------------------------------------
		Prompting ID is: label-children
Evaluating output for retrieval-EmbeddingGemma300MRetrieval-label-children-2026.04.16-17:07:16.json run!
		Storing results in /vsc-hard-mounts/leuven-data/385/vsc38504/thesis/llms4om/LLMs4OM/experiments/outputs/bio-ml/snomed-ncit.neoplas/retrieval-EmbeddingGemma300MRetrieval-label-children-2026.04.16-17:07:16.json.
		--------------------------------------------------
		Prompting ID is: label-parent
Evaluating output for retrieval-EmbeddingGemma300MRetrieval-label-parent-2026.04.16-17:08:20.json run!
		Storing results in /vsc-hard-mounts/leuven-data/385/vsc38504/thesis/llms4om/LLMs4OM/experiments/outputs/bio-ml/snomed-ncit.neoplas/retrieval-EmbeddingGemma300MRetrieval-label-parent-2026.04.16-17:08:20.json.
		--------------------------------------------------
	++++++++++++++++++++++++++++++++++++++++++++++++++
	Working on bio-ml/snomed-ncit.pharm task
		Prompting ID is: label
Evaluating output for retrieval-EmbeddingGemma300MRetrieval-label-2026.04.16-17:09:39.json run!
		Storing results in /vsc-hard-mounts/leuven-data/385/vsc38504/thesis/llms4om/LLMs4OM/experiments/outputs/bio-ml/snomed-ncit.pharm/retrieval-EmbeddingGemma300MRetrieval-label-2026.04.16-17:09:39.json.
		--------------------------------------------------
		Prompting ID is: label-children
Evaluating output for retrieval-EmbeddingGemma300MRetrieval-label-children-2026.04.16-17:10:58.json run!
		Storing results in /vsc-hard-mounts/leuven-data/385/vsc38504/thesis/llms4om/LLMs4OM/experiments/outputs/bio-ml/snomed-ncit.pharm/retrieval-EmbeddingGemma300MRetrieval-label-children-2026.04.16-17:10:58.json.
		--------------------------------------------------
		Prompting ID is: label-parent
Evaluating output for retrieval-EmbeddingGemma300MRetrieval-label-parent-2026.04.16-17:12:16.json run!
		Storing results in /vsc-hard-mounts/leuven-data/385/vsc38504/thesis/llms4om/LLMs4OM/experiments/outputs/bio-ml/snomed-ncit.pharm/retrieval-EmbeddingGemma300MRetrieval-label-parent-2026.04.16-17:12:16.json.
		--------------------------------------------------
	++++++++++++++++++++++++++++++++++++++++++++++++++
End: Thu Apr 16 17:22:20 CEST 2026
