SLURM_JOB_ID: 66239480
SLURM_JOB_USER: vsc38504
SLURM_JOB_ACCOUNT: intro_vsc38504
SLURM_JOB_NAME: pipeline_retrieval
SLURM_CLUSTER_NAME: wice
SLURM_JOB_PARTITION: gpu_h100
SLURM_NNODES: 1
SLURM_NODELIST: s16g15
SLURM_JOB_CPUS_PER_NODE: 4
SLURM_JOB_GPUS: 2
Date: Sun Mar 22 06:43:56 PM CET 2026
Walltime: 00-01:00:00
========================================================================
HF_TOKEN preview: hf_W...lYfo
Host: s16g15
Start: Sun Mar 22 06:44:26 PM CET 2026
JobID: 66239480
MODEL: BERTRetrieval
=== Python/env check ===
Python: /data/leuven/385/vsc38504/miniconda3/envs/llms4om/bin/python
CONDA_DEFAULT_ENV: llms4om
HF_TOKEN set: True
HF_HOME: /scratch/leuven/385/vsc38504/.cache/huggingface
working on BERTRetrieval-Retrieval+BERTRetrieval
	Working on bio-ml track
	Working on bio-ml/ncit-doid.disease task
		Prompting ID is: label
		Encoded input pairs: 2
		Working on generating response!
		Create path to store data!
		Storing results in /vsc-hard-mounts/leuven-data/385/vsc38504/thesis/llms4om/LLMs4OM/experiments/outputs/bio-ml/ncit-doid.disease/retrieval-BERTRetrieval-label-2026.03.22-18:44:51.json.
		--------------------------------------------------
		Prompting ID is: label-children
		Encoded input pairs: 2
		Working on generating response!
		Create path to store data!
		Storing results in /vsc-hard-mounts/leuven-data/385/vsc38504/thesis/llms4om/LLMs4OM/experiments/outputs/bio-ml/ncit-doid.disease/retrieval-BERTRetrieval-label-children-2026.03.22-18:45:00.json.
		--------------------------------------------------
		Prompting ID is: label-parent
		Encoded input pairs: 2
		Working on generating response!
		Create path to store data!
		Storing results in /vsc-hard-mounts/leuven-data/385/vsc38504/thesis/llms4om/LLMs4OM/experiments/outputs/bio-ml/ncit-doid.disease/retrieval-BERTRetrieval-label-parent-2026.03.22-18:45:09.json.
		--------------------------------------------------
	++++++++++++++++++++++++++++++++++++++++++++++++++
	Working on bio-ml/omim-ordo.disease task
		Prompting ID is: label
		Encoded input pairs: 2
		Working on generating response!
		Create path to store data!
		Storing results in /vsc-hard-mounts/leuven-data/385/vsc38504/thesis/llms4om/LLMs4OM/experiments/outputs/bio-ml/omim-ordo.disease/retrieval-BERTRetrieval-label-2026.03.22-18:45:16.json.
		--------------------------------------------------
		Prompting ID is: label-children
		Encoded input pairs: 2
		Working on generating response!
		Create path to store data!
		Storing results in /vsc-hard-mounts/leuven-data/385/vsc38504/thesis/llms4om/LLMs4OM/experiments/outputs/bio-ml/omim-ordo.disease/retrieval-BERTRetrieval-label-children-2026.03.22-18:45:23.json.
		--------------------------------------------------
		Prompting ID is: label-parent
		Encoded input pairs: 2
		Working on generating response!
		Create path to store data!
		Storing results in /vsc-hard-mounts/leuven-data/385/vsc38504/thesis/llms4om/LLMs4OM/experiments/outputs/bio-ml/omim-ordo.disease/retrieval-BERTRetrieval-label-parent-2026.03.22-18:45:30.json.
		--------------------------------------------------
	++++++++++++++++++++++++++++++++++++++++++++++++++
	Working on bio-ml/snomed-fma.body task
		Prompting ID is: label
		Encoded input pairs: 2
		Working on generating response!
		Create path to store data!
		Storing results in /vsc-hard-mounts/leuven-data/385/vsc38504/thesis/llms4om/LLMs4OM/experiments/outputs/bio-ml/snomed-fma.body/retrieval-BERTRetrieval-label-2026.03.22-18:46:27.json.
		--------------------------------------------------
		Prompting ID is: label-children
		Encoded input pairs: 2
		Working on generating response!
		Create path to store data!
		Storing results in /vsc-hard-mounts/leuven-data/385/vsc38504/thesis/llms4om/LLMs4OM/experiments/outputs/bio-ml/snomed-fma.body/retrieval-BERTRetrieval-label-children-2026.03.22-18:47:29.json.
		--------------------------------------------------
		Prompting ID is: label-parent
		Encoded input pairs: 2
		Working on generating response!
		Create path to store data!
		Storing results in /vsc-hard-mounts/leuven-data/385/vsc38504/thesis/llms4om/LLMs4OM/experiments/outputs/bio-ml/snomed-fma.body/retrieval-BERTRetrieval-label-parent-2026.03.22-18:48:30.json.
		--------------------------------------------------
	++++++++++++++++++++++++++++++++++++++++++++++++++
	Working on bio-ml/snomed-ncit.neoplas task
		Prompting ID is: label
		Encoded input pairs: 2
		Working on generating response!
		Create path to store data!
		Storing results in /vsc-hard-mounts/leuven-data/385/vsc38504/thesis/llms4om/LLMs4OM/experiments/outputs/bio-ml/snomed-ncit.neoplas/retrieval-BERTRetrieval-label-2026.03.22-18:48:47.json.
		--------------------------------------------------
		Prompting ID is: label-children
		Encoded input pairs: 2
		Working on generating response!
		Create path to store data!
		Storing results in /vsc-hard-mounts/leuven-data/385/vsc38504/thesis/llms4om/LLMs4OM/experiments/outputs/bio-ml/snomed-ncit.neoplas/retrieval-BERTRetrieval-label-children-2026.03.22-18:49:04.json.
		--------------------------------------------------
		Prompting ID is: label-parent
		Encoded input pairs: 2
		Working on generating response!
		Create path to store data!
		Storing results in /vsc-hard-mounts/leuven-data/385/vsc38504/thesis/llms4om/LLMs4OM/experiments/outputs/bio-ml/snomed-ncit.neoplas/retrieval-BERTRetrieval-label-parent-2026.03.22-18:49:21.json.
		--------------------------------------------------
	++++++++++++++++++++++++++++++++++++++++++++++++++
	Working on bio-ml/snomed-ncit.pharm task
		Prompting ID is: label
		Encoded input pairs: 2
		Working on generating response!
		Create path to store data!
		Storing results in /vsc-hard-mounts/leuven-data/385/vsc38504/thesis/llms4om/LLMs4OM/experiments/outputs/bio-ml/snomed-ncit.pharm/retrieval-BERTRetrieval-label-2026.03.22-18:49:42.json.
		--------------------------------------------------
		Prompting ID is: label-children
		Encoded input pairs: 2
		Working on generating response!
		Create path to store data!
		Storing results in /vsc-hard-mounts/leuven-data/385/vsc38504/thesis/llms4om/LLMs4OM/experiments/outputs/bio-ml/snomed-ncit.pharm/retrieval-BERTRetrieval-label-children-2026.03.22-18:50:04.json.
		--------------------------------------------------
		Prompting ID is: label-parent
		Encoded input pairs: 2
		Working on generating response!
		Create path to store data!
		Storing results in /vsc-hard-mounts/leuven-data/385/vsc38504/thesis/llms4om/LLMs4OM/experiments/outputs/bio-ml/snomed-ncit.pharm/retrieval-BERTRetrieval-label-parent-2026.03.22-18:50:25.json.
		--------------------------------------------------
	++++++++++++++++++++++++++++++++++++++++++++++++++
Run evaluation on BERTRetrieval
	Working on bio-ml track
	Working on bio-ml/ncit-doid.disease task
		Prompting ID is: label
Evaluating output for retrieval-BERTRetrieval-label-2026.03.22-18:44:51.json run!
		Storing results in /vsc-hard-mounts/leuven-data/385/vsc38504/thesis/llms4om/LLMs4OM/experiments/outputs/bio-ml/ncit-doid.disease/retrieval-BERTRetrieval-label-2026.03.22-18:44:51.json.
		--------------------------------------------------
		Prompting ID is: label-children
Evaluating output for retrieval-BERTRetrieval-label-children-2026.03.22-18:45:00.json run!
		Storing results in /vsc-hard-mounts/leuven-data/385/vsc38504/thesis/llms4om/LLMs4OM/experiments/outputs/bio-ml/ncit-doid.disease/retrieval-BERTRetrieval-label-children-2026.03.22-18:45:00.json.
		--------------------------------------------------
		Prompting ID is: label-parent
Evaluating output for retrieval-BERTRetrieval-label-parent-2026.03.22-18:45:09.json run!
		Storing results in /vsc-hard-mounts/leuven-data/385/vsc38504/thesis/llms4om/LLMs4OM/experiments/outputs/bio-ml/ncit-doid.disease/retrieval-BERTRetrieval-label-parent-2026.03.22-18:45:09.json.
		--------------------------------------------------
	++++++++++++++++++++++++++++++++++++++++++++++++++
	Working on bio-ml/omim-ordo.disease task
		Prompting ID is: label
Evaluating output for retrieval-BERTRetrieval-label-2026.03.22-18:45:16.json run!
		Storing results in /vsc-hard-mounts/leuven-data/385/vsc38504/thesis/llms4om/LLMs4OM/experiments/outputs/bio-ml/omim-ordo.disease/retrieval-BERTRetrieval-label-2026.03.22-18:45:16.json.
		--------------------------------------------------
		Prompting ID is: label-children
Evaluating output for retrieval-BERTRetrieval-label-children-2026.03.22-18:45:23.json run!
		Storing results in /vsc-hard-mounts/leuven-data/385/vsc38504/thesis/llms4om/LLMs4OM/experiments/outputs/bio-ml/omim-ordo.disease/retrieval-BERTRetrieval-label-children-2026.03.22-18:45:23.json.
		--------------------------------------------------
		Prompting ID is: label-parent
Evaluating output for retrieval-BERTRetrieval-label-parent-2026.03.22-18:45:30.json run!
		Storing results in /vsc-hard-mounts/leuven-data/385/vsc38504/thesis/llms4om/LLMs4OM/experiments/outputs/bio-ml/omim-ordo.disease/retrieval-BERTRetrieval-label-parent-2026.03.22-18:45:30.json.
		--------------------------------------------------
	++++++++++++++++++++++++++++++++++++++++++++++++++
	Working on bio-ml/snomed-fma.body task
		Prompting ID is: label
Evaluating output for retrieval-BERTRetrieval-label-2026.03.22-18:46:27.json run!
		Storing results in /vsc-hard-mounts/leuven-data/385/vsc38504/thesis/llms4om/LLMs4OM/experiments/outputs/bio-ml/snomed-fma.body/retrieval-BERTRetrieval-label-2026.03.22-18:46:27.json.
		--------------------------------------------------
		Prompting ID is: label-children
Evaluating output for retrieval-BERTRetrieval-label-children-2026.03.22-18:47:29.json run!
		Storing results in /vsc-hard-mounts/leuven-data/385/vsc38504/thesis/llms4om/LLMs4OM/experiments/outputs/bio-ml/snomed-fma.body/retrieval-BERTRetrieval-label-children-2026.03.22-18:47:29.json.
		--------------------------------------------------
		Prompting ID is: label-parent
Evaluating output for retrieval-BERTRetrieval-label-parent-2026.03.22-18:48:30.json run!
		Storing results in /vsc-hard-mounts/leuven-data/385/vsc38504/thesis/llms4om/LLMs4OM/experiments/outputs/bio-ml/snomed-fma.body/retrieval-BERTRetrieval-label-parent-2026.03.22-18:48:30.json.
		--------------------------------------------------
	++++++++++++++++++++++++++++++++++++++++++++++++++
	Working on bio-ml/snomed-ncit.neoplas task
		Prompting ID is: label
Evaluating output for retrieval-BERTRetrieval-label-2026.03.22-18:48:47.json run!
		Storing results in /vsc-hard-mounts/leuven-data/385/vsc38504/thesis/llms4om/LLMs4OM/experiments/outputs/bio-ml/snomed-ncit.neoplas/retrieval-BERTRetrieval-label-2026.03.22-18:48:47.json.
		--------------------------------------------------
		Prompting ID is: label-children
Evaluating output for retrieval-BERTRetrieval-label-children-2026.03.22-18:49:04.json run!
		Storing results in /vsc-hard-mounts/leuven-data/385/vsc38504/thesis/llms4om/LLMs4OM/experiments/outputs/bio-ml/snomed-ncit.neoplas/retrieval-BERTRetrieval-label-children-2026.03.22-18:49:04.json.
		--------------------------------------------------
		Prompting ID is: label-parent
Evaluating output for retrieval-BERTRetrieval-label-parent-2026.03.22-18:49:21.json run!
		Storing results in /vsc-hard-mounts/leuven-data/385/vsc38504/thesis/llms4om/LLMs4OM/experiments/outputs/bio-ml/snomed-ncit.neoplas/retrieval-BERTRetrieval-label-parent-2026.03.22-18:49:21.json.
		--------------------------------------------------
	++++++++++++++++++++++++++++++++++++++++++++++++++
	Working on bio-ml/snomed-ncit.pharm task
		Prompting ID is: label
Evaluating output for retrieval-BERTRetrieval-label-2026.03.22-18:49:42.json run!
		Storing results in /vsc-hard-mounts/leuven-data/385/vsc38504/thesis/llms4om/LLMs4OM/experiments/outputs/bio-ml/snomed-ncit.pharm/retrieval-BERTRetrieval-label-2026.03.22-18:49:42.json.
		--------------------------------------------------
		Prompting ID is: label-children
Evaluating output for retrieval-BERTRetrieval-label-children-2026.03.22-18:50:04.json run!
		Storing results in /vsc-hard-mounts/leuven-data/385/vsc38504/thesis/llms4om/LLMs4OM/experiments/outputs/bio-ml/snomed-ncit.pharm/retrieval-BERTRetrieval-label-children-2026.03.22-18:50:04.json.
		--------------------------------------------------
		Prompting ID is: label-parent
Evaluating output for retrieval-BERTRetrieval-label-parent-2026.03.22-18:50:25.json run!
		Storing results in /vsc-hard-mounts/leuven-data/385/vsc38504/thesis/llms4om/LLMs4OM/experiments/outputs/bio-ml/snomed-ncit.pharm/retrieval-BERTRetrieval-label-parent-2026.03.22-18:50:25.json.
		--------------------------------------------------
	++++++++++++++++++++++++++++++++++++++++++++++++++
End: Sun Mar 22 07:00:10 PM CET 2026
