SLURM_JOB_ID: 66452231
SLURM_JOB_USER: vsc38504
SLURM_JOB_ACCOUNT: lp_dtaikg
SLURM_JOB_NAME: pipeline_retrieval
SLURM_CLUSTER_NAME: wice
SLURM_JOB_PARTITION: gpu_h100
SLURM_NNODES: 1
SLURM_NODELIST: s16g18
SLURM_JOB_CPUS_PER_NODE: 6
SLURM_JOB_GPUS: 2
Date: Thu Apr 16 16:41:44 CEST 2026
Walltime: 00-05:00:00
========================================================================
HF_TOKEN preview: hf_W...lYfo
Host: s16g18
Start: Thu Apr 16 16:42:05 CEST 2026
JobID: 66452231
MODEL: LlamaNemotronEmbeddingRetrieval
=== Python/env check ===
Python: /data/leuven/385/vsc38504/miniconda3/envs/llms4om/bin/python
CONDA_DEFAULT_ENV: llms4om
HF_TOKEN set: True
HF_HOME: /scratch/leuven/385/vsc38504/.cache/huggingface
