SLURM_JOB_ID: 66254709
SLURM_JOB_USER: vsc38504
SLURM_JOB_ACCOUNT: intro_vsc38504
SLURM_JOB_NAME: pipeline_retrieval_Qwen3_4B
SLURM_CLUSTER_NAME: wice
SLURM_JOB_PARTITION: gpu_h100
SLURM_NNODES: 1
SLURM_NODELIST: s16g18
SLURM_JOB_CPUS_PER_NODE: 16
SLURM_JOB_GPUS: 3
Date: Mon Mar 23 05:59:43 PM CET 2026
Walltime: 00-01:00:00
========================================================================
HF_TOKEN preview: hf_W...lYfo
Host: s16g18
Start: Mon Mar 23 06:00:00 PM CET 2026
JobID: 66254709
MODEL: Qwen3Embedding4BRetrieval
=== Python/env check ===
Python: /data/leuven/385/vsc38504/miniconda3/envs/llms4om/bin/python
CONDA_DEFAULT_ENV: llms4om
HF_TOKEN set: True
HF_HOME: /scratch/leuven/385/vsc38504/.cache/huggingface
working on Qwen3Embedding4BRetrieval-RetrievalQwen3Embedding4BRetrieval
	Working on bio-ml track
	Working on bio-ml/ncit-doid.disease task
		Prompting ID is: label
		Encoded input pairs: 2
		Working on generating response!
		Create path to store data!
		Storing results in /vsc-hard-mounts/leuven-data/385/vsc38504/thesis/llms4om/LLMs4OM/experiments/outputs/bio-ml/ncit-doid.disease/retrieval-Qwen3Embedding4BRetrieval-label-2026.03.23-18:02:48.json.
		--------------------------------------------------
		Prompting ID is: label-children
		Encoded input pairs: 2
		Working on generating response!
		Create path to store data!
		Storing results in /vsc-hard-mounts/leuven-data/385/vsc38504/thesis/llms4om/LLMs4OM/experiments/outputs/bio-ml/ncit-doid.disease/retrieval-Qwen3Embedding4BRetrieval-label-children-2026.03.23-18:04:46.json.
		--------------------------------------------------
		Prompting ID is: label-parent
		Encoded input pairs: 2
		Working on generating response!
		Create path to store data!
		Storing results in /vsc-hard-mounts/leuven-data/385/vsc38504/thesis/llms4om/LLMs4OM/experiments/outputs/bio-ml/ncit-doid.disease/retrieval-Qwen3Embedding4BRetrieval-label-parent-2026.03.23-18:06:23.json.
		--------------------------------------------------
	++++++++++++++++++++++++++++++++++++++++++++++++++
	Working on bio-ml/omim-ordo.disease task
		Prompting ID is: label
		Encoded input pairs: 2
		Working on generating response!
		Create path to store data!
		Storing results in /vsc-hard-mounts/leuven-data/385/vsc38504/thesis/llms4om/LLMs4OM/experiments/outputs/bio-ml/omim-ordo.disease/retrieval-Qwen3Embedding4BRetrieval-label-2026.03.23-18:07:32.json.
		--------------------------------------------------
		Prompting ID is: label-children
		Encoded input pairs: 2
		Working on generating response!
MEMORY EXCEPTION: CUDA out of memory. Tried to allocate 9.54 GiB. GPU 0 has a total capacity of 79.18 GiB of which 3.61 GiB is free. Including non-PyTorch memory, this process has 75.56 GiB memory in use. Of the allocated memory 68.99 GiB is allocated by PyTorch, and 5.90 GiB is reserved by PyTorch but unallocated. If reserved but unallocated memory is large try setting PYTORCH_CUDA_ALLOC_CONF=expandable_segments:True to avoid fragmentation.  See documentation for Memory Management  (https://pytorch.org/docs/stable/notes/cuda.html#environment-variables)
		Create path to store data!
		Storing results in /vsc-hard-mounts/leuven-data/385/vsc38504/thesis/llms4om/LLMs4OM/experiments/outputs/bio-ml/omim-ordo.disease/retrieval-Qwen3Embedding4BRetrieval-label-children-2026.03.23-18:07:33.json.
		--------------------------------------------------
		Prompting ID is: label-parent
		Encoded input pairs: 2
		Working on generating response!
		Create path to store data!
		Storing results in /vsc-hard-mounts/leuven-data/385/vsc38504/thesis/llms4om/LLMs4OM/experiments/outputs/bio-ml/omim-ordo.disease/retrieval-Qwen3Embedding4BRetrieval-label-parent-2026.03.23-18:08:59.json.
		--------------------------------------------------
	++++++++++++++++++++++++++++++++++++++++++++++++++
	Working on bio-ml/snomed-fma.body task
		Prompting ID is: label
		Encoded input pairs: 2
		Working on generating response!
		Create path to store data!
		Storing results in /vsc-hard-mounts/leuven-data/385/vsc38504/thesis/llms4om/LLMs4OM/experiments/outputs/bio-ml/snomed-fma.body/retrieval-Qwen3Embedding4BRetrieval-label-2026.03.23-18:16:20.json.
		--------------------------------------------------
		Prompting ID is: label-children
		Encoded input pairs: 2
		Working on generating response!
		Create path to store data!
		Storing results in /vsc-hard-mounts/leuven-data/385/vsc38504/thesis/llms4om/LLMs4OM/experiments/outputs/bio-ml/snomed-fma.body/retrieval-Qwen3Embedding4BRetrieval-label-children-2026.03.23-18:27:41.json.
		--------------------------------------------------
		Prompting ID is: label-parent
		Encoded input pairs: 2
		Working on generating response!
		Create path to store data!
		Storing results in /vsc-hard-mounts/leuven-data/385/vsc38504/thesis/llms4om/LLMs4OM/experiments/outputs/bio-ml/snomed-fma.body/retrieval-Qwen3Embedding4BRetrieval-label-parent-2026.03.23-18:38:28.json.
		--------------------------------------------------
	++++++++++++++++++++++++++++++++++++++++++++++++++
	Working on bio-ml/snomed-ncit.neoplas task
		Prompting ID is: label
		Encoded input pairs: 2
		Working on generating response!
		Create path to store data!
		Storing results in /vsc-hard-mounts/leuven-data/385/vsc38504/thesis/llms4om/LLMs4OM/experiments/outputs/bio-ml/snomed-ncit.neoplas/retrieval-Qwen3Embedding4BRetrieval-label-2026.03.23-18:41:04.json.
		--------------------------------------------------
		Prompting ID is: label-children
		Encoded input pairs: 2
		Working on generating response!
		Create path to store data!
		Storing results in /vsc-hard-mounts/leuven-data/385/vsc38504/thesis/llms4om/LLMs4OM/experiments/outputs/bio-ml/snomed-ncit.neoplas/retrieval-Qwen3Embedding4BRetrieval-label-children-2026.03.23-18:44:11.json.
		--------------------------------------------------
		Prompting ID is: label-parent
		Encoded input pairs: 2
		Working on generating response!
		Create path to store data!
		Storing results in /vsc-hard-mounts/leuven-data/385/vsc38504/thesis/llms4om/LLMs4OM/experiments/outputs/bio-ml/snomed-ncit.neoplas/retrieval-Qwen3Embedding4BRetrieval-label-parent-2026.03.23-18:47:07.json.
		--------------------------------------------------
	++++++++++++++++++++++++++++++++++++++++++++++++++
	Working on bio-ml/snomed-ncit.pharm task
		Prompting ID is: label
		Encoded input pairs: 2
		Working on generating response!
		Create path to store data!
		Storing results in /vsc-hard-mounts/leuven-data/385/vsc38504/thesis/llms4om/LLMs4OM/experiments/outputs/bio-ml/snomed-ncit.pharm/retrieval-Qwen3Embedding4BRetrieval-label-2026.03.23-18:50:26.json.
		--------------------------------------------------
		Prompting ID is: label-children
		Encoded input pairs: 2
		Working on generating response!
		Create path to store data!
		Storing results in /vsc-hard-mounts/leuven-data/385/vsc38504/thesis/llms4om/LLMs4OM/experiments/outputs/bio-ml/snomed-ncit.pharm/retrieval-Qwen3Embedding4BRetrieval-label-children-2026.03.23-18:54:44.json.
		--------------------------------------------------
		Prompting ID is: label-parent
		Encoded input pairs: 2
		Working on generating response!
		Create path to store data!
		Storing results in /vsc-hard-mounts/leuven-data/385/vsc38504/thesis/llms4om/LLMs4OM/experiments/outputs/bio-ml/snomed-ncit.pharm/retrieval-Qwen3Embedding4BRetrieval-label-parent-2026.03.23-18:58:37.json.
		--------------------------------------------------
	++++++++++++++++++++++++++++++++++++++++++++++++++
Run evaluation on Qwen3Embedding4BRetrieval
	Working on bio-ml track
	Working on bio-ml/ncit-doid.disease task
		Prompting ID is: label
Evaluating output for retrieval-Qwen3Embedding4BRetrieval-label-2026.03.23-18:02:48.json run!
		Storing results in /vsc-hard-mounts/leuven-data/385/vsc38504/thesis/llms4om/LLMs4OM/experiments/outputs/bio-ml/ncit-doid.disease/retrieval-Qwen3Embedding4BRetrieval-label-2026.03.23-18:02:48.json.
		--------------------------------------------------
		Prompting ID is: label-children
Evaluating output for retrieval-Qwen3Embedding4BRetrieval-label-children-2026.03.23-18:04:46.json run!
		Storing results in /vsc-hard-mounts/leuven-data/385/vsc38504/thesis/llms4om/LLMs4OM/experiments/outputs/bio-ml/ncit-doid.disease/retrieval-Qwen3Embedding4BRetrieval-label-children-2026.03.23-18:04:46.json.
		--------------------------------------------------
		Prompting ID is: label-parent
Evaluating output for retrieval-Qwen3Embedding4BRetrieval-label-parent-2026.03.23-18:06:23.json run!
		Storing results in /vsc-hard-mounts/leuven-data/385/vsc38504/thesis/llms4om/LLMs4OM/experiments/outputs/bio-ml/ncit-doid.disease/retrieval-Qwen3Embedding4BRetrieval-label-parent-2026.03.23-18:06:23.json.
		--------------------------------------------------
	++++++++++++++++++++++++++++++++++++++++++++++++++
	Working on bio-ml/omim-ordo.disease task
		Prompting ID is: label
Evaluating output for retrieval-Qwen3Embedding4BRetrieval-label-2026.03.23-18:07:32.json run!
		Storing results in /vsc-hard-mounts/leuven-data/385/vsc38504/thesis/llms4om/LLMs4OM/experiments/outputs/bio-ml/omim-ordo.disease/retrieval-Qwen3Embedding4BRetrieval-label-2026.03.23-18:07:32.json.
		--------------------------------------------------
		Prompting ID is: label-children
Evaluating output for retrieval-Qwen3Embedding4BRetrieval-label-children-2026.03.23-18:07:33.json run!
